// Jest Snapshot v1, https://goo.gl/fbAQLP

exports[`<RecipesList> renders component 1`] = `
ShallowWrapper {
  Symbol(enzyme.__root__): [Circular],
  Symbol(enzyme.__unrendered__): <RecipesList
    getRecipes={
      [MockFunction] {
        "calls": Array [
          Array [],
        ],
        "results": Array [
          Object {
            "isThrow": false,
            "value": undefined,
          },
        ],
      }
    }
    isLoading={false}
    push={[MockFunction]}
    recipes={Array []}
  />,
  Symbol(enzyme.__renderer__): Object {
    "batchedUpdates": [Function],
    "checkPropTypes": [Function],
    "getNode": [Function],
    "render": [Function],
    "simulateError": [Function],
    "simulateEvent": [Function],
    "unmount": [Function],
  },
  Symbol(enzyme.__node__): Object {
    "instance": null,
    "key": undefined,
    "nodeType": "function",
    "props": Object {
      "children": Array [
        <h1>
          Recipes
        </h1>,
        undefined,
        <ForwardRef
          noGutters={false}
        />,
      ],
      "fluid": false,
    },
    "ref": null,
    "rendered": Array [
      Object {
        "instance": null,
        "key": undefined,
        "nodeType": "host",
        "props": Object {
          "children": "Recipes",
        },
        "ref": null,
        "rendered": "Recipes",
        "type": "h1",
      },
      undefined,
      Object {
        "instance": null,
        "key": undefined,
        "nodeType": "function",
        "props": Object {
          "children": Array [],
          "noGutters": false,
        },
        "ref": null,
        "rendered": Array [],
        "type": Object {
          "$$typeof": Symbol(react.forward_ref),
          "defaultProps": Object {
            "noGutters": false,
          },
          "render": [Function],
        },
      },
    ],
    "type": Object {
      "$$typeof": Symbol(react.forward_ref),
      "defaultProps": Object {
        "fluid": false,
      },
      "displayName": "Container",
      "render": [Function],
    },
  },
  Symbol(enzyme.__nodes__): Array [
    Object {
      "instance": null,
      "key": undefined,
      "nodeType": "function",
      "props": Object {
        "children": Array [
          <h1>
            Recipes
          </h1>,
          undefined,
          <ForwardRef
            noGutters={false}
          />,
        ],
        "fluid": false,
      },
      "ref": null,
      "rendered": Array [
        Object {
          "instance": null,
          "key": undefined,
          "nodeType": "host",
          "props": Object {
            "children": "Recipes",
          },
          "ref": null,
          "rendered": "Recipes",
          "type": "h1",
        },
        undefined,
        Object {
          "instance": null,
          "key": undefined,
          "nodeType": "function",
          "props": Object {
            "children": Array [],
            "noGutters": false,
          },
          "ref": null,
          "rendered": Array [],
          "type": Object {
            "$$typeof": Symbol(react.forward_ref),
            "defaultProps": Object {
              "noGutters": false,
            },
            "render": [Function],
          },
        },
      ],
      "type": Object {
        "$$typeof": Symbol(react.forward_ref),
        "defaultProps": Object {
          "fluid": false,
        },
        "displayName": "Container",
        "render": [Function],
      },
    },
  ],
  Symbol(enzyme.__options__): Object {
    "adapter": ReactSixteenAdapter {
      "options": Object {
        "enableComponentDidUpdateOnSetState": true,
        "legacyContextMode": "parent",
        "lifecycles": Object {
          "componentDidUpdate": Object {
            "onSetState": true,
          },
          "getChildContext": Object {
            "calledByRenderer": false,
          },
          "getDerivedStateFromProps": true,
          "getSnapshotBeforeUpdate": true,
          "setState": Object {
            "skipsComponentDidUpdateOnNullish": true,
          },
        },
      },
    },
  },
  Symbol(enzyme.__childContext__): null,
}
`;
