// Jest Snapshot v1, https://goo.gl/fbAQLP

exports[`<RecipeDetails> renders component 1`] = `
ShallowWrapper {
  Symbol(enzyme.__root__): [Circular],
  Symbol(enzyme.__unrendered__): <RecipeDetails
    error={null}
    getRecipe={
      [MockFunction] {
        "calls": Array [
          Array [
            Object {
              "recipeId": undefined,
            },
          ],
        ],
        "results": Array [
          Object {
            "isThrow": false,
            "value": undefined,
          },
        ],
      }
    }
    isLoading={false}
    match={
      Object {
        "params": Object {},
      }
    }
    recipe={
      Object {
        "tags": Array [],
      }
    }
  />,
  Symbol(enzyme.__renderer__): Object {
    "batchedUpdates": [Function],
    "checkPropTypes": [Function],
    "getNode": [Function],
    "render": [Function],
    "simulateError": [Function],
    "simulateEvent": [Function],
    "unmount": [Function],
  },
  Symbol(enzyme.__node__): Object {
    "instance": null,
    "key": undefined,
    "nodeType": "function",
    "props": Object {
      "children": Array [
        <h1>
          Recipe Details
        </h1>,
        <div
          className="my-2"
        >
          <Link
            replace={false}
            to="/"
          >
            Recipes
          </Link>
        </div>,
        <RecipeCard
          tags={Array []}
        />,
      ],
      "fluid": false,
    },
    "ref": null,
    "rendered": Array [
      Object {
        "instance": null,
        "key": undefined,
        "nodeType": "host",
        "props": Object {
          "children": "Recipe Details",
        },
        "ref": null,
        "rendered": "Recipe Details",
        "type": "h1",
      },
      Object {
        "instance": null,
        "key": undefined,
        "nodeType": "host",
        "props": Object {
          "children": <Link
            replace={false}
            to="/"
          >
            Recipes
          </Link>,
          "className": "my-2",
        },
        "ref": null,
        "rendered": Object {
          "instance": null,
          "key": undefined,
          "nodeType": "class",
          "props": Object {
            "children": "Recipes",
            "replace": false,
            "to": "/",
          },
          "ref": null,
          "rendered": "Recipes",
          "type": [Function],
        },
        "type": "div",
      },
      Object {
        "instance": null,
        "key": undefined,
        "nodeType": "function",
        "props": Object {
          "tags": Array [],
        },
        "ref": null,
        "rendered": null,
        "type": [Function],
      },
    ],
    "type": Object {
      "$$typeof": Symbol(react.forward_ref),
      "defaultProps": Object {
        "fluid": false,
      },
      "displayName": "Container",
      "render": [Function],
    },
  },
  Symbol(enzyme.__nodes__): Array [
    Object {
      "instance": null,
      "key": undefined,
      "nodeType": "function",
      "props": Object {
        "children": Array [
          <h1>
            Recipe Details
          </h1>,
          <div
            className="my-2"
          >
            <Link
              replace={false}
              to="/"
            >
              Recipes
            </Link>
          </div>,
          <RecipeCard
            tags={Array []}
          />,
        ],
        "fluid": false,
      },
      "ref": null,
      "rendered": Array [
        Object {
          "instance": null,
          "key": undefined,
          "nodeType": "host",
          "props": Object {
            "children": "Recipe Details",
          },
          "ref": null,
          "rendered": "Recipe Details",
          "type": "h1",
        },
        Object {
          "instance": null,
          "key": undefined,
          "nodeType": "host",
          "props": Object {
            "children": <Link
              replace={false}
              to="/"
            >
              Recipes
            </Link>,
            "className": "my-2",
          },
          "ref": null,
          "rendered": Object {
            "instance": null,
            "key": undefined,
            "nodeType": "class",
            "props": Object {
              "children": "Recipes",
              "replace": false,
              "to": "/",
            },
            "ref": null,
            "rendered": "Recipes",
            "type": [Function],
          },
          "type": "div",
        },
        Object {
          "instance": null,
          "key": undefined,
          "nodeType": "function",
          "props": Object {
            "tags": Array [],
          },
          "ref": null,
          "rendered": null,
          "type": [Function],
        },
      ],
      "type": Object {
        "$$typeof": Symbol(react.forward_ref),
        "defaultProps": Object {
          "fluid": false,
        },
        "displayName": "Container",
        "render": [Function],
      },
    },
  ],
  Symbol(enzyme.__options__): Object {
    "adapter": ReactSixteenAdapter {
      "options": Object {
        "enableComponentDidUpdateOnSetState": true,
        "legacyContextMode": "parent",
        "lifecycles": Object {
          "componentDidUpdate": Object {
            "onSetState": true,
          },
          "getChildContext": Object {
            "calledByRenderer": false,
          },
          "getDerivedStateFromProps": true,
          "getSnapshotBeforeUpdate": true,
          "setState": Object {
            "skipsComponentDidUpdateOnNullish": true,
          },
        },
      },
    },
  },
  Symbol(enzyme.__childContext__): null,
}
`;
